
Allocating common symbols
Common symbol       size              file

SHT_NAME            0x50              elfsplitter.o

Memory Configuration

Name             Origin             Length             Attributes
*default*        0x0000000000000000 0xffffffffffffffff

Linker script and memory map

                0x0000000000000000                . = 0x0

.start          0x0000000000000000      0x180
 start*(.text)
 .text          0x0000000000000000      0x180 start.o
                0x0000000000000000                start
                0x000000000000004c                _jump_to_program
                0x0000000000000094                _core_status

.text           0x0000000000000180     0x17d8
 *(.text)
 .text          0x0000000000000180      0x5e8 boot-loader-serial.o
                0x0000000000000180                printm
                0x0000000000000194                print_spaces
                0x00000000000001bc                print_help
                0x00000000000002dc                load_run
                0x0000000000000418                get_hex
                0x00000000000004e0                get_address_data
                0x0000000000000528                parse
 .text          0x0000000000000768       0x50 crc16.o
                0x0000000000000768                crc16_ccitt
 .text          0x00000000000007b8      0x290 xmodem.o
                0x00000000000007d0                xmodemReceive
 .text          0x0000000000000a48      0x140 elfsplitter.o
                0x0000000000000a48                elfsplitter
 .text          0x0000000000000b88      0x45c ../mini-libc/printf.o
                0x0000000000000b88                outbyte
                0x0000000000000bb0                prints
                0x0000000000000c84                printi
                0x0000000000000dc0                print
                0x0000000000000f84                sprintf
                0x0000000000000fb4                printf
 .text          0x0000000000000fe4      0x480 ../mini-libc/libc_asm.o
                0x0000000000000fe4                _testfail
                0x0000000000000ff0                _testpass
                0x0000000000001000                _outbyte
                0x0000000000001020                _inbyte
                0x0000000000001050                __aeabi_idiv
                0x0000000000001050                _div
                0x00000000000010d4                strcpy
                0x00000000000011d8                strcmp
                0x00000000000013d0                init_malloc
                0x00000000000013dc                malloc
                0x00000000000013f0                strncpy
                0x0000000000001414                strncmp
 .text          0x0000000000001464      0x4f4 ../mini-libc/memcpy.o
                0x0000000000001464                memcpy

.glue_7         0x0000000000001958        0x0
 .glue_7        0x0000000000000000        0x0 linker stubs

.glue_7t        0x0000000000001958        0x0
 .glue_7t       0x0000000000000000        0x0 linker stubs

.vfp11_veneer   0x0000000000001958        0x0
 .vfp11_veneer  0x0000000000000000        0x0 linker stubs

.v4_bx          0x0000000000001958        0x0
 .v4_bx         0x0000000000000000        0x0 linker stubs

.text.startup   0x0000000000001958      0x194
 .text.startup  0x0000000000001958      0x194 boot-loader-serial.o
                0x0000000000001958                main

.iplt           0x0000000000001aec        0x0
 .iplt          0x0000000000000000        0x0 boot-loader-serial.o

.rodata         0x0000000000001aec      0x200
 *(.rodata)
 .rodata        0x0000000000001aec      0x200 crc16.o

.rodata.str1.1  0x0000000000001cec      0x25e
 .rodata.str1.1
                0x0000000000001cec      0x203 boot-loader-serial.o
                                        0x20e (size before relaxing)
 .rodata.str1.1
                0x0000000000001eef       0x54 elfsplitter.o
 .rodata.str1.1
                0x0000000000001f43        0x7 ../mini-libc/printf.o

.rel.dyn        0x0000000000001f4c        0x0
 .rel.iplt      0x0000000000000000        0x0 boot-loader-serial.o

.data           0x0000000000001f4a        0x0
 *(.data)
 .data          0x0000000000001f4a        0x0 boot-loader-serial.o
 .data          0x0000000000001f4a        0x0 start.o
 .data          0x0000000000001f4a        0x0 crc16.o
 .data          0x0000000000001f4a        0x0 xmodem.o
 .data          0x0000000000001f4a        0x0 elfsplitter.o
 .data          0x0000000000001f4a        0x0 ../mini-libc/printf.o
 .data          0x0000000000001f4a        0x0 ../mini-libc/libc_asm.o
 .data          0x0000000000001f4a        0x0 ../mini-libc/memcpy.o

.igot.plt       0x0000000000001f4c        0x0
 .igot.plt      0x0000000000000000        0x0 boot-loader-serial.o

.bss            0x0000000000001f4a       0x50
 *(.bss)
 .bss           0x0000000000001f4a        0x0 boot-loader-serial.o
 .bss           0x0000000000001f4a        0x0 start.o
 .bss           0x0000000000001f4a        0x0 crc16.o
 .bss           0x0000000000001f4a        0x0 xmodem.o
 .bss           0x0000000000001f4a        0x0 elfsplitter.o
 .bss           0x0000000000001f4a        0x0 ../mini-libc/printf.o
 .bss           0x0000000000001f4a        0x0 ../mini-libc/libc_asm.o
 .bss           0x0000000000001f4a        0x0 ../mini-libc/memcpy.o
 COMMON         0x0000000000001f4a       0x50 elfsplitter.o
                0x0000000000001f4a                SHT_NAME

.stack          0x0000000000001f9a        0x0
                0x0000000000001f9a                __stack = .
LOAD boot-loader-serial.o
LOAD start.o
LOAD crc16.o
LOAD xmodem.o
LOAD elfsplitter.o
LOAD ../mini-libc/printf.o
LOAD ../mini-libc/libc_asm.o
LOAD ../mini-libc/memcpy.o
OUTPUT(boot-loader-serial.elf elf32-littlearm)

.comment        0x0000000000000000       0x1f
 .comment       0x0000000000000000       0x1f boot-loader-serial.o
                                         0x20 (size before relaxing)
 .comment       0x0000000000000000       0x20 crc16.o
 .comment       0x0000000000000000       0x20 xmodem.o
 .comment       0x0000000000000000       0x20 elfsplitter.o
 .comment       0x0000000000000000       0x20 ../mini-libc/printf.o
 .comment       0x0000000000000000       0x20 ../mini-libc/memcpy.o

.ARM.attributes
                0x0000000000000000       0x26
 .ARM.attributes
                0x0000000000000000       0x28 boot-loader-serial.o
 .ARM.attributes
                0x0000000000000028       0x14 start.o
 .ARM.attributes
                0x000000000000003c       0x28 crc16.o
 .ARM.attributes
                0x0000000000000064       0x28 xmodem.o
 .ARM.attributes
                0x000000000000008c       0x28 elfsplitter.o
 .ARM.attributes
                0x00000000000000b4       0x28 ../mini-libc/printf.o
 .ARM.attributes
                0x00000000000000dc       0x14 ../mini-libc/libc_asm.o
 .ARM.attributes
                0x00000000000000f0       0x28 ../mini-libc/memcpy.o
